-0001|-00:00:01|ArchetypeAgent|0|believes isDriving=false @@
-0001|-00:00:01|ArchetypeAgent|0|believes Age=null #Age @@
-0001|-00:00:01|ArchetypeAgent|0|believes AgentId=null #AgentId @@
-0001|-00:00:01|ArchetypeAgent|0|believes Archetype=null #Archetype @@
-0001|-00:00:01|ArchetypeAgent|0|believes ArchetypeAge=null #Archetypes.Age @@
-0001|-00:00:01|ArchetypeAgent|0|believes ArchetypeHousehold=null #Archetypes.Household @@
-0001|-00:00:01|ArchetypeAgent|0|believes AgentType=null #BDIAgentType @@
-0001|-00:00:01|ArchetypeAgent|0|believes Address=null #EZI_ADD @@
-0001|-00:00:01|ArchetypeAgent|0|believes Gender=null #Gender @@
-0001|-00:00:01|ArchetypeAgent|0|believes AddressCoordinates=null #Geographical.Coordinate @@
-0001|-00:00:01|ArchetypeAgent|0|believes HasDependents=null #HasDependents @@
-0001|-00:00:01|ArchetypeAgent|0|believes HasDependentsAtLocation=null #HasDependentsAtLocation @@
-0001|-00:00:01|ArchetypeAgent|0|believes HouseholdId=null #HouseholdId @@
-0001|-00:00:01|ArchetypeAgent|0|believes isDriving=false #isDriving @@
-0001|-00:00:01|ArchetypeAgent|0|believes Id=null #Id @@
-0001|-00:00:01|ArchetypeAgent|0|believes ImpactFromFireDangerIndexRating=null #ImpactFromFireDangerIndexRating @@
-0001|-00:00:01|ArchetypeAgent|0|believes ImpactFromImmersionInSmoke=null #ImpactFromImmersionInSmoke @@
-0001|-00:00:01|ArchetypeAgent|0|believes ImpactFromMessageAdvice=null #ImpactFromMessageAdvice @@
-0001|-00:00:01|ArchetypeAgent|0|believes ImpactFromMessageEmergencyWarning=null #ImpactFromMessageEmergencyWarning @@
-0001|-00:00:01|ArchetypeAgent|0|believes ImpactFromMessageEvacuateNow=null #ImpactFromMessageEvacuateNow @@
-0001|-00:00:01|ArchetypeAgent|0|believes ImpactFromMessageRespondersAttending=null #ImpactFromMessageRespondersAttending @@
-0001|-00:00:01|ArchetypeAgent|0|believes ImpactFromMessageWatchAndAct=null #ImpactFromMessageWatchAndAct @@
-0001|-00:00:01|ArchetypeAgent|0|believes ImpactFromSocialMessage=null #ImpactFromSocialMessage @@
-0001|-00:00:01|ArchetypeAgent|0|believes ImpactFromVisibleEmbers=null #ImpactFromVisibleEmbers @@
-0001|-00:00:01|ArchetypeAgent|0|believes ImpactFromVisibleFire=null #ImpactFromVisibleFire @@
-0001|-00:00:01|ArchetypeAgent|0|believes ImpactFromVisibleResponders=null #ImpactFromVisibleResponders @@
-0001|-00:00:01|ArchetypeAgent|0|believes ImpactFromVisibleSmoke=null #ImpactFromVisibleSmoke @@
-0001|-00:00:01|ArchetypeAgent|0|believes LagTimeInMinsForInitialResponse=null #LagTimeInMinsForInitialResponse @@
-0001|-00:00:01|ArchetypeAgent|0|believes LagTimeInMinsForFinalResponse=null #LagTimeInMinsForFinalResponse @@
-0001|-00:00:01|ArchetypeAgent|0|believes LocationEvacuationPreference=null #EvacLocationPreference @@
-0001|-00:00:01|ArchetypeAgent|0|believes LocationInvacPreference=null #InvacLocationPreference @@
-0001|-00:00:01|ArchetypeAgent|0|believes LocationHome=null #home @@
-0001|-00:00:01|ArchetypeAgent|0|believes LocationWork=null #work @@
-0001|-00:00:01|ArchetypeAgent|0|believes PrimaryFamilyType=null #PrimaryFamilyType @@
-0001|-00:00:01|ArchetypeAgent|0|believes ResponseThresholdFinal=null #ResponseThresholdFinal @@
-0001|-00:00:01|ArchetypeAgent|0|believes ResponseThresholdInitial=null #ResponseThresholdInitial @@
-0001|-00:00:01|ArchetypeAgent|0|believes Sa1=null #SA1_7DIGCODE @@
-0001|-00:00:01|ArchetypeAgent|0|believes Sa2=null #SA2_MAINCODE @@
-0001|-00:00:01|ArchetypeAgent|0|believes WillGoHomeAfterVisitingDependents=null #WillGoHomeAfterVisitingDependents @@
-0001|-00:00:01|ArchetypeAgent|0|believes WillGoHomeBeforeLeaving=null #WillGoHomeBeforeLeaving @@
-0001|-00:00:01|ArchetypeAgent|0|believes WillStay=null #WillStay @@
-0001|-00:00:01|ArchetypeAgent|0|believes WillReceiveMessages=null #WillReceiveMessages @@
-0001|-00:00:01|ArchetypeAgent|0|believes ResponseThresholdInitial=-0.02 #ResponseThresholdInitial @@
-0001|-00:00:01|ArchetypeAgent|0|believes ResponseThresholdFinal=0.38 #ResponseThresholdFinal @@
-0001|-00:00:01|ArchetypeAgent|0|believes HasDependentsAtLocation=null #HasDependentsAtLocation @@
-0001|-00:00:01|ArchetypeAgent|0|believes EvacLocationPreference=(FarFarAway, coords=5000.0,0.0) #EvacLocationPreference @@
-0001|-00:00:01|ArchetypeAgent|0|believes InvacLocationPreference=(NotSoFarAway, coords=2500.0,2500.0) #InvacLocationPreference @@
-0001|-00:00:01|ArchetypeAgent|0|believes home=(, coords=0.0,0.0) #home @@
-0001|-00:00:01|ArchetypeAgent|0|believes work=(, coords=5000.0,5000.0) #work @@
-0001|-00:00:01|ArchetypeAgent|0|believes futureValueOfFireDangerIndexRating=0.0 @@
-0001|-00:00:01|ArchetypeAgent|0|believes futureValueOfSmokeImmersion=0.0 @@
-0001|-00:00:01|ArchetypeAgent|0|believes futureValueOfMessageAdvice=0.0 @@
-0001|-00:00:01|ArchetypeAgent|0|believes futureValueOfMessageEmergencyWarning=0.0 @@
-0001|-00:00:01|ArchetypeAgent|0|believes futureValueOfMessageEvacuateNow=0.7 @@
-0001|-00:00:01|ArchetypeAgent|0|believes futureValueOfMessageRespondersAttending=0.0 @@
-0001|-00:00:01|ArchetypeAgent|0|believes futureValueOfMessageWatchAndAct=0.0 @@
-0001|-00:00:01|ArchetypeAgent|0|believes futureValueOfMessageSocial=0.0 @@
-0001|-00:00:01|ArchetypeAgent|0|believes futureValueOfVisibleEmbers=0.0 @@
-0001|-00:00:01|ArchetypeAgent|0|believes futureValueOfVisibleFire=0.0 @@
-0001|-00:00:01|ArchetypeAgent|0|believes futureValueOfVisibleResponders=0.0 @@
-0001|-00:00:01|ArchetypeAgent|0|believes futureValueOfVisibleSmoke=0.0 @@
-0001|-00:00:01|ArchetypeAgent|0|believes anxietyFromSituation=0.0 @@
-0001|-00:00:01|ArchetypeAgent|0|believes LagTimeInMinsForInitialResponse=1.0 @@
-0001|-00:00:01|ArchetypeAgent|0|believes LagTimeInMinsForFinalResponse=1.0 @@
-0001|-00:00:01|ArchetypeAgent|0|believes Archetype=Some.Archetype @@
-0001|-00:00:01|ArchetypeAgent|0|believes responseThresholdInitialReached=null @@
-0001|-00:00:01|ArchetypeAgent|0|believes responseThresholdFinalReached=null @@
-0001|-00:00:01|ArchetypeAgent|1|believes isDriving=false @@
-0001|-00:00:01|ArchetypeAgent|1|believes Age=null #Age @@
-0001|-00:00:01|ArchetypeAgent|1|believes AgentId=null #AgentId @@
-0001|-00:00:01|ArchetypeAgent|1|believes Archetype=null #Archetype @@
-0001|-00:00:01|ArchetypeAgent|1|believes ArchetypeAge=null #Archetypes.Age @@
-0001|-00:00:01|ArchetypeAgent|1|believes ArchetypeHousehold=null #Archetypes.Household @@
-0001|-00:00:01|ArchetypeAgent|1|believes AgentType=null #BDIAgentType @@
-0001|-00:00:01|ArchetypeAgent|1|believes Address=null #EZI_ADD @@
-0001|-00:00:01|ArchetypeAgent|1|believes Gender=null #Gender @@
-0001|-00:00:01|ArchetypeAgent|1|believes AddressCoordinates=null #Geographical.Coordinate @@
-0001|-00:00:01|ArchetypeAgent|1|believes HasDependents=null #HasDependents @@
-0001|-00:00:01|ArchetypeAgent|1|believes HasDependentsAtLocation=null #HasDependentsAtLocation @@
-0001|-00:00:01|ArchetypeAgent|1|believes HouseholdId=null #HouseholdId @@
-0001|-00:00:01|ArchetypeAgent|1|believes isDriving=false #isDriving @@
-0001|-00:00:01|ArchetypeAgent|1|believes Id=null #Id @@
-0001|-00:00:01|ArchetypeAgent|1|believes ImpactFromFireDangerIndexRating=null #ImpactFromFireDangerIndexRating @@
-0001|-00:00:01|ArchetypeAgent|1|believes ImpactFromImmersionInSmoke=null #ImpactFromImmersionInSmoke @@
-0001|-00:00:01|ArchetypeAgent|1|believes ImpactFromMessageAdvice=null #ImpactFromMessageAdvice @@
-0001|-00:00:01|ArchetypeAgent|1|believes ImpactFromMessageEmergencyWarning=null #ImpactFromMessageEmergencyWarning @@
-0001|-00:00:01|ArchetypeAgent|1|believes ImpactFromMessageEvacuateNow=null #ImpactFromMessageEvacuateNow @@
-0001|-00:00:01|ArchetypeAgent|1|believes ImpactFromMessageRespondersAttending=null #ImpactFromMessageRespondersAttending @@
-0001|-00:00:01|ArchetypeAgent|1|believes ImpactFromMessageWatchAndAct=null #ImpactFromMessageWatchAndAct @@
-0001|-00:00:01|ArchetypeAgent|1|believes ImpactFromSocialMessage=null #ImpactFromSocialMessage @@
-0001|-00:00:01|ArchetypeAgent|1|believes ImpactFromVisibleEmbers=null #ImpactFromVisibleEmbers @@
-0001|-00:00:01|ArchetypeAgent|1|believes ImpactFromVisibleFire=null #ImpactFromVisibleFire @@
-0001|-00:00:01|ArchetypeAgent|1|believes ImpactFromVisibleResponders=null #ImpactFromVisibleResponders @@
-0001|-00:00:01|ArchetypeAgent|1|believes ImpactFromVisibleSmoke=null #ImpactFromVisibleSmoke @@
-0001|-00:00:01|ArchetypeAgent|1|believes LagTimeInMinsForInitialResponse=null #LagTimeInMinsForInitialResponse @@
-0001|-00:00:01|ArchetypeAgent|1|believes LagTimeInMinsForFinalResponse=null #LagTimeInMinsForFinalResponse @@
-0001|-00:00:01|ArchetypeAgent|1|believes LocationEvacuationPreference=null #EvacLocationPreference @@
-0001|-00:00:01|ArchetypeAgent|1|believes LocationInvacPreference=null #InvacLocationPreference @@
-0001|-00:00:01|ArchetypeAgent|1|believes LocationHome=null #home @@
-0001|-00:00:01|ArchetypeAgent|1|believes LocationWork=null #work @@
-0001|-00:00:01|ArchetypeAgent|1|believes PrimaryFamilyType=null #PrimaryFamilyType @@
-0001|-00:00:01|ArchetypeAgent|1|believes ResponseThresholdFinal=null #ResponseThresholdFinal @@
-0001|-00:00:01|ArchetypeAgent|1|believes ResponseThresholdInitial=null #ResponseThresholdInitial @@
-0001|-00:00:01|ArchetypeAgent|1|believes Sa1=null #SA1_7DIGCODE @@
-0001|-00:00:01|ArchetypeAgent|1|believes Sa2=null #SA2_MAINCODE @@
-0001|-00:00:01|ArchetypeAgent|1|believes WillGoHomeAfterVisitingDependents=null #WillGoHomeAfterVisitingDependents @@
-0001|-00:00:01|ArchetypeAgent|1|believes WillGoHomeBeforeLeaving=null #WillGoHomeBeforeLeaving @@
-0001|-00:00:01|ArchetypeAgent|1|believes WillStay=null #WillStay @@
-0001|-00:00:01|ArchetypeAgent|1|believes WillReceiveMessages=null #WillReceiveMessages @@
-0001|-00:00:01|ArchetypeAgent|1|believes ResponseThresholdInitial=0.0 #ResponseThresholdInitial @@
-0001|-00:00:01|ArchetypeAgent|1|believes ResponseThresholdFinal=0.0 #ResponseThresholdFinal @@
-0001|-00:00:01|ArchetypeAgent|1|believes HasDependentsAtLocation=null #HasDependentsAtLocation @@
-0001|-00:00:01|ArchetypeAgent|1|believes EvacLocationPreference=(FarFarAway, coords=0.0,5000.0) #EvacLocationPreference @@
-0001|-00:00:01|ArchetypeAgent|1|believes InvacLocationPreference=(NotFarAway, coords=0.0,5000.0) #InvacLocationPreference @@
-0001|-00:00:01|ArchetypeAgent|1|believes home=(, coords=5000.0,4000.0) #home @@
-0001|-00:00:01|ArchetypeAgent|1|believes work=null #work @@
-0001|-00:00:01|ArchetypeAgent|1|believes futureValueOfFireDangerIndexRating=0.0 @@
-0001|-00:00:01|ArchetypeAgent|1|believes futureValueOfSmokeImmersion=0.0 @@
-0001|-00:00:01|ArchetypeAgent|1|believes futureValueOfMessageAdvice=0.0 @@
-0001|-00:00:01|ArchetypeAgent|1|believes futureValueOfMessageEmergencyWarning=0.0 @@
-0001|-00:00:01|ArchetypeAgent|1|believes futureValueOfMessageEvacuateNow=1.0 @@
-0001|-00:00:01|ArchetypeAgent|1|believes futureValueOfMessageRespondersAttending=0.0 @@
-0001|-00:00:01|ArchetypeAgent|1|believes futureValueOfMessageWatchAndAct=0.0 @@
-0001|-00:00:01|ArchetypeAgent|1|believes futureValueOfMessageSocial=0.0 @@
-0001|-00:00:01|ArchetypeAgent|1|believes futureValueOfVisibleEmbers=0.0 @@
-0001|-00:00:01|ArchetypeAgent|1|believes futureValueOfVisibleFire=0.0 @@
-0001|-00:00:01|ArchetypeAgent|1|believes futureValueOfVisibleResponders=0.0 @@
-0001|-00:00:01|ArchetypeAgent|1|believes futureValueOfVisibleSmoke=0.0 @@
-0001|-00:00:01|ArchetypeAgent|1|believes anxietyFromSituation=0.0 @@
-0001|-00:00:01|ArchetypeAgent|1|believes LagTimeInMinsForInitialResponse=1.0 @@
-0001|-00:00:01|ArchetypeAgent|1|believes LagTimeInMinsForFinalResponse=1.0 @@
-0001|-00:00:01|ArchetypeAgent|1|believes Archetype=Some.Archetype @@
-0001|-00:00:01|ArchetypeAgent|1|believes responseThresholdInitialReached=null @@
-0001|-00:00:01|ArchetypeAgent|1|believes responseThresholdFinalReached=null @@
03600|01:00:00|ArchetypeAgent|0|started driving to work @@
03600|01:00:00|ArchetypeAgent|0|believes status=to:work @@
03600|01:00:00|ArchetypeAgent|0|finished activity home @@
03745|01:02:25|ArchetypeAgent|0|believes isStuck=true @@
03745|01:02:25|ArchetypeAgent|0|believes status=at:StuckPlace @@
