Time -00:00:01 ArchetypeAgent 0    : believes isDriving=false @@
Time -00:00:01 ArchetypeAgent 0    : believes Age=80 #Age @@
Time -00:00:01 ArchetypeAgent 0    : believes AgentId=202021028P223 #AgentId @@
Time -00:00:01 ArchetypeAgent 0    : believes Archetype=Considered.Evacuator #Archetype @@
Time -00:00:01 ArchetypeAgent 0    : believes ArchetypeAge=75 years + #Archetypes.Age @@
Time -00:00:01 ArchetypeAgent 0    : believes ArchetypeHousehold=Couple without dependents living at home #Archetypes.Household @@
Time -00:00:01 ArchetypeAgent 0    : believes AgentType=io.github.agentsoz.ees.agents.archetype.ArchetypeAgent #BDIAgentType @@
Time -00:00:01 ArchetypeAgent 0    : believes Address=17 BUCKLEY STREET HARCOURT 3453 #EZI_ADD @@
Time -00:00:01 ArchetypeAgent 0    : believes Gender=Male #Gender @@
Time -00:00:01 ArchetypeAgent 0    : believes AddressCoordinates=[144.2623, -36.9993] #Geographical.Coordinate @@
Time -00:00:01 ArchetypeAgent 0    : believes HasDependents=0 #HasDependents @@
Time -00:00:01 ArchetypeAgent 0    : believes HasDependentsAtLocation= #HasDependentsAtLocation @@
Time -00:00:01 ArchetypeAgent 0    : believes HouseholdId=202021028H1439 #HouseholdId @@
Time -00:00:01 ArchetypeAgent 0    : believes isDriving=false #isDriving @@
Time -00:00:01 ArchetypeAgent 0    : believes ImpactFromFireDangerIndexRating=0.1 #ImpactFromFireDangerIndexRating @@
Time -00:00:01 ArchetypeAgent 0    : believes ImpactFromImmersionInSmoke=0.4 #ImpactFromImmersionInSmoke @@
Time -00:00:01 ArchetypeAgent 0    : believes ImpactFromMessageAdvice=0.4 #ImpactFromMessageAdvice @@
Time -00:00:01 ArchetypeAgent 0    : believes ImpactFromMessageEmergencyWarning=0.6 #ImpactFromMessageEmergencyWarning @@
Time -00:00:01 ArchetypeAgent 0    : believes ImpactFromMessageEvacuateNow=0.7 #ImpactFromMessageEvacuateNow @@
Time -00:00:01 ArchetypeAgent 0    : believes ImpactFromMessageRespondersAttending=0.2 #ImpactFromMessageRespondersAttending @@
Time -00:00:01 ArchetypeAgent 0    : believes ImpactFromMessageWatchAndAct=0.5 #ImpactFromMessageWatchAndAct @@
Time -00:00:01 ArchetypeAgent 0    : believes ImpactFromSocialMessage=0.5 #ImpactFromSocialMessage @@
Time -00:00:01 ArchetypeAgent 0    : believes ImpactFromVisibleEmbers=0.5 #ImpactFromVisibleEmbers @@
Time -00:00:01 ArchetypeAgent 0    : believes ImpactFromVisibleFire=0.6 #ImpactFromVisibleFire @@
Time -00:00:01 ArchetypeAgent 0    : believes ImpactFromVisibleResponders=0.4 #ImpactFromVisibleResponders @@
Time -00:00:01 ArchetypeAgent 0    : believes ImpactFromVisibleSmoke=0.3 #ImpactFromVisibleSmoke @@
Time -00:00:01 ArchetypeAgent 0    : believes LocationEvacuationPreference=FarFarAway,5000.0,0000.0 #EvacLocationPreference @@
Time -00:00:01 ArchetypeAgent 0    : believes LocationInvacPreference=NotSoFarAway,2500.0,2500.0 #InvacLocationPreference @@
Time -00:00:01 ArchetypeAgent 0    : believes LocationHome=0.000000,0.000000 #home @@
Time -00:00:01 ArchetypeAgent 0    : believes LocationWork=5000.000000,5000.000000 #work @@
Time -00:00:01 ArchetypeAgent 0    : believes PrimaryFamilyType=COUPLE_ONLY #PrimaryFamilyType @@
Time -00:00:01 ArchetypeAgent 0    : believes ResponseThresholdFinal=0.19 #ResponseThresholdFinal @@
Time -00:00:01 ArchetypeAgent 0    : believes ResponseThresholdInitial=0.26 #ResponseThresholdInitial @@
Time -00:00:01 ArchetypeAgent 0    : believes Sa1=2102819 #SA1_7DIGCODE @@
Time -00:00:01 ArchetypeAgent 0    : believes Sa2=202021028 #SA2_MAINCODE @@
Time -00:00:01 ArchetypeAgent 0    : believes WillGoHomeAfterVisitingDependents=1 #WillGoHomeAfterVisitingDependents @@
Time -00:00:01 ArchetypeAgent 0    : believes WillGoHomeBeforeLeaving=1 #WillGoHomeBeforeLeaving @@
Time -00:00:01 ArchetypeAgent 0    : believes WillStay=0 #WillStay @@
Time -00:00:01 ArchetypeAgent 0    : believes anxietyFromSituation=0.0 @@
Time -00:00:01 ArchetypeAgent 0    : believes anxietyFromSocialMessages=0.0 @@
Time -00:00:01 ArchetypeAgent 0    : believes anxietyFromEmergencyMessages=0.0 @@
Time -00:00:01 ArchetypeAgent 0    : believes futureValueOfFireDangerIndexRating=0.1 @@
Time -00:00:01 ArchetypeAgent 0    : believes futureValueOfSmokeImmersion=0.4 @@
Time -00:00:01 ArchetypeAgent 0    : believes futureValueOfMessageAdvice=0.4 @@
Time -00:00:01 ArchetypeAgent 0    : believes futureValueOfMessageEmergencyWarning=0.6 @@
Time -00:00:01 ArchetypeAgent 0    : believes futureValueOfMessageEvacuateNow=0.7 @@
Time -00:00:01 ArchetypeAgent 0    : believes futureValueOfMessageRespondersAttending=0.2 @@
Time -00:00:01 ArchetypeAgent 0    : believes futureValueOfMessageWatchAndAct=0.5 @@
Time -00:00:01 ArchetypeAgent 0    : believes futureValueOfMessageSocial=0.5 @@
Time -00:00:01 ArchetypeAgent 0    : believes futureValueOfVisibleEmbers=0.5 @@
Time -00:00:01 ArchetypeAgent 0    : believes futureValueOfVisibleResponders=0.4 @@
Time -00:00:01 ArchetypeAgent 0    : believes futureValueOfVisibleFire=0.6 @@
Time -00:00:01 ArchetypeAgent 0    : believes futureValueOfVisibleSmoke=0.3 @@
Time -00:00:01 ArchetypeAgent 0    : believes responseThresholdInitialReached=null @@
Time -00:00:01 ArchetypeAgent 0    : believes responseThresholdFinalReached=null @@
Time  01:00:00 ArchetypeAgent 0    : started driving to work @@
Time  01:00:00 ArchetypeAgent 0    : finished activity home @@
Time  01:02:25 ArchetypeAgent 0    : saw fire @@
Time  01:02:25 ArchetypeAgent 0    : believes anxietyFromSituation=0.6 @@
Time  01:02:25 ArchetypeAgent 0    : believes futureValueOfVisibleFire=0.0 @@
Time  01:02:25 ArchetypeAgent 0    : believes responseThresholdInitialReached=true @@
Time  01:02:25 ArchetypeAgent 0    : believes responseThresholdFinalReached=true @@
Time  01:02:25 ArchetypeAgent 0    : thinks GotoLocationEvacuation~>GotoLocationEvacuationPlan is applicable
Time  01:02:25 ArchetypeAgent 0    : will start driving to (FarFarAway, coords=5000.0,0.0) 7000m away #GotoLocationEvacuation~>GotoLocationEvacuationPlan
Time  01:02:25 ArchetypeAgent 0    : believes isDriving=true @@
Time  01:03:00 ArchetypeAgent 0    : stopped driving @@
Time  01:03:00 ArchetypeAgent 0    : started driving to EvacPlace @@
Time  01:03:00 ArchetypeAgent 0    : started activity Replan @@
Time  01:03:00 ArchetypeAgent 0    : finished activity Replan @@
Time  01:09:03 ArchetypeAgent 0    : stopped driving @@
Time  01:09:03 ArchetypeAgent 0    : started activity EvacPlace @@
Time  01:09:03 ArchetypeAgent 0    : finished driving to (FarFarAway, coords=5000.0,0.0) 0m away after 1 tries #GotoLocationEvacuation~>GotoLocationEvacuationPlan
Time  01:09:03 ArchetypeAgent 0    : believes isDriving=false @@
