-0001|-00:00:01|ArchetypeAgent|0|believes isDriving=false @@
-0001|-00:00:01|ArchetypeAgent|0|believes Age=null #Age @@
-0001|-00:00:01|ArchetypeAgent|0|believes AgentId=null #AgentId @@
-0001|-00:00:01|ArchetypeAgent|0|believes Archetype=Considered.Evacuator #Archetype @@
-0001|-00:00:01|ArchetypeAgent|0|believes ArchetypeAge=null #Archetypes.Age @@
-0001|-00:00:01|ArchetypeAgent|0|believes ArchetypeHousehold=null #Archetypes.Household @@
-0001|-00:00:01|ArchetypeAgent|0|believes AgentType=null #BDIAgentType @@
-0001|-00:00:01|ArchetypeAgent|0|believes Address=null #EZI_ADD @@
-0001|-00:00:01|ArchetypeAgent|0|believes Gender=null #Gender @@
-0001|-00:00:01|ArchetypeAgent|0|believes AddressCoordinates=null #Geographical.Coordinate @@
-0001|-00:00:01|ArchetypeAgent|0|believes HasDependents=false #HasDependents @@
-0001|-00:00:01|ArchetypeAgent|0|believes HasDependentsAtLocation=null #HasDependentsAtLocation @@
-0001|-00:00:01|ArchetypeAgent|0|believes HouseholdId=null #HouseholdId @@
-0001|-00:00:01|ArchetypeAgent|0|believes isDriving=false #isDriving @@
-0001|-00:00:01|ArchetypeAgent|0|believes Id=null #Id @@
-0001|-00:00:01|ArchetypeAgent|0|believes ImpactFromFireDangerIndexRating=null #ImpactFromFireDangerIndexRating @@
-0001|-00:00:01|ArchetypeAgent|0|believes ImpactFromImmersionInSmoke=null #ImpactFromImmersionInSmoke @@
-0001|-00:00:01|ArchetypeAgent|0|believes ImpactFromMessageAdvice=null #ImpactFromMessageAdvice @@
-0001|-00:00:01|ArchetypeAgent|0|believes ImpactFromMessageEmergencyWarning=null #ImpactFromMessageEmergencyWarning @@
-0001|-00:00:01|ArchetypeAgent|0|believes ImpactFromMessageEvacuateNow=null #ImpactFromMessageEvacuateNow @@
-0001|-00:00:01|ArchetypeAgent|0|believes ImpactFromMessageRespondersAttending=null #ImpactFromMessageRespondersAttending @@
-0001|-00:00:01|ArchetypeAgent|0|believes ImpactFromMessageWatchAndAct=null #ImpactFromMessageWatchAndAct @@
-0001|-00:00:01|ArchetypeAgent|0|believes ImpactFromSocialMessage=null #ImpactFromSocialMessage @@
-0001|-00:00:01|ArchetypeAgent|0|believes ImpactFromVisibleEmbers=null #ImpactFromVisibleEmbers @@
-0001|-00:00:01|ArchetypeAgent|0|believes ImpactFromVisibleFire=null #ImpactFromVisibleFire @@
-0001|-00:00:01|ArchetypeAgent|0|believes ImpactFromVisibleResponders=null #ImpactFromVisibleResponders @@
-0001|-00:00:01|ArchetypeAgent|0|believes ImpactFromVisibleSmoke=null #ImpactFromVisibleSmoke @@
-0001|-00:00:01|ArchetypeAgent|0|believes LagTimeInMinsForInitialResponse=17.89 #LagTimeInMinsForInitialResponse @@
-0001|-00:00:01|ArchetypeAgent|0|believes LagTimeInMinsForFinalResponse=5.89 #LagTimeInMinsForFinalResponse @@
-0001|-00:00:01|ArchetypeAgent|0|believes LocationEvacuationPreference=null #EvacLocationPreference @@
-0001|-00:00:01|ArchetypeAgent|0|believes LocationInvacPreference=null #InvacLocationPreference @@
-0001|-00:00:01|ArchetypeAgent|0|believes LocationHome=null #home @@
-0001|-00:00:01|ArchetypeAgent|0|believes LocationWork=null #work @@
-0001|-00:00:01|ArchetypeAgent|0|believes PrimaryFamilyType=null #PrimaryFamilyType @@
-0001|-00:00:01|ArchetypeAgent|0|believes ResponseThresholdFinal=null #ResponseThresholdFinal @@
-0001|-00:00:01|ArchetypeAgent|0|believes ResponseThresholdInitial=null #ResponseThresholdInitial @@
-0001|-00:00:01|ArchetypeAgent|0|believes Sa1=null #SA1_7DIGCODE @@
-0001|-00:00:01|ArchetypeAgent|0|believes Sa2=null #SA2_MAINCODE @@
-0001|-00:00:01|ArchetypeAgent|0|believes WillGoHomeAfterVisitingDependents=false #WillGoHomeAfterVisitingDependents @@
-0001|-00:00:01|ArchetypeAgent|0|believes WillGoHomeBeforeLeaving=false #WillGoHomeBeforeLeaving @@
-0001|-00:00:01|ArchetypeAgent|0|believes WillStay=false #WillStay @@
-0001|-00:00:01|ArchetypeAgent|0|believes ResponseThresholdInitial=-0.02 #ResponseThresholdInitial @@
-0001|-00:00:01|ArchetypeAgent|0|believes ResponseThresholdFinal=0.38 #ResponseThresholdFinal @@
-0001|-00:00:01|ArchetypeAgent|0|believes HasDependentsAtLocation=null #HasDependentsAtLocation @@
-0001|-00:00:01|ArchetypeAgent|0|believes EvacLocationPreference=(FarFarAway, coords=5000.0,0.0) #EvacLocationPreference @@
-0001|-00:00:01|ArchetypeAgent|0|believes InvacLocationPreference=(NotSoFarAway, coords=2500.0,2500.0) #InvacLocationPreference @@
-0001|-00:00:01|ArchetypeAgent|0|believes home=(, coords=0.0,0.0) #home @@
-0001|-00:00:01|ArchetypeAgent|0|believes work=(, coords=5000.0,5000.0) #work @@
-0001|-00:00:01|ArchetypeAgent|0|believes futureValueOfFireDangerIndexRating=0.1 #futureValueOfFireDangerIndexRating @@
-0001|-00:00:01|ArchetypeAgent|0|believes futureValueOfSmokeImmersion=0.4 #futureValueOfSmokeImmersion @@
-0001|-00:00:01|ArchetypeAgent|0|believes futureValueOfMessageAdvice=0.4 #futureValueOfMessageAdvice @@
-0001|-00:00:01|ArchetypeAgent|0|believes futureValueOfMessageEmergencyWarning=0.6 #futureValueOfMessageEmergencyWarning @@
-0001|-00:00:01|ArchetypeAgent|0|believes futureValueOfMessageEvacuateNow=0.7 #futureValueOfMessageEvacuateNow @@
-0001|-00:00:01|ArchetypeAgent|0|believes futureValueOfMessageRespondersAttending=0.2 #futureValueOfMessageRespondersAttending @@
-0001|-00:00:01|ArchetypeAgent|0|believes futureValueOfMessageWatchAndAct=0.5 #futureValueOfMessageWatchAndAct @@
-0001|-00:00:01|ArchetypeAgent|0|believes futureValueOfMessageSocial=0.5 #futureValueOfMessageSocial @@
-0001|-00:00:01|ArchetypeAgent|0|believes futureValueOfVisibleEmbers=0.5 #futureValueOfVisibleEmbers @@
-0001|-00:00:01|ArchetypeAgent|0|believes futureValueOfVisibleFire=0.6 #futureValueOfVisibleFire @@
-0001|-00:00:01|ArchetypeAgent|0|believes futureValueOfVisibleResponders=0.4 #futureValueOfVisibleResponders @@
-0001|-00:00:01|ArchetypeAgent|0|believes futureValueOfVisibleSmoke=0.3 #futureValueOfVisibleSmoke @@
-0001|-00:00:01|ArchetypeAgent|0|believes LagTimeInMinsForInitialResponse=17.89 @@
-0001|-00:00:01|ArchetypeAgent|0|believes LagTimeInMinsForFinalResponse=5.89 @@
-0001|-00:00:01|ArchetypeAgent|0|believes Archetype=Considered.Evacuator @@
-0001|-00:00:01|ArchetypeAgent|0|believes responseThresholdInitialReached=null @@
-0001|-00:00:01|ArchetypeAgent|0|believes responseThresholdFinalReached=null @@
03600|01:00:00|ArchetypeAgent|0|started driving to work @@
03600|01:00:00|ArchetypeAgent|0|believes status=to:work @@
03600|01:00:00|ArchetypeAgent|0|finished activity home @@
03745|01:02:25|ArchetypeAgent|0|saw fire @@
03745|01:02:25|ArchetypeAgent|0|believes anxietyFromSituation=0.6 @@
03745|01:02:25|ArchetypeAgent|0|believes futureValueOfVisibleFire=0.0 @@
03745|01:02:25|ArchetypeAgent|0|believes responseThresholdInitialReached=true @@
03745|01:02:25|ArchetypeAgent|0|believes responseThresholdFinalReached=true @@
03745|01:02:25|ArchetypeAgent|0|thinks GoalFullResponse~>PlanFullResponse is applicable
03745|01:02:25|ArchetypeAgent|0|thinks GoalInitialResponse~>PlanResponseWhenDependentsAfar is not applicable
03745|01:02:25|ArchetypeAgent|0|thinks GoalInitialResponse~>PlanResponseWhenDependentsNearby is not applicable
03745|01:02:25|ArchetypeAgent|0|thinks GoalInitialResponse~>PlanResponseWithoutDependents is applicable
03745|01:02:25|ArchetypeAgent|0|thinks GoalInitialResponse~>PlanDoNothing is applicable
03745|01:02:25|ArchetypeAgent|0|will wait and see #GoalInitialResponse~>PlanResponseWithoutDependents
03745|01:02:25|ArchetypeAgent|0|thinks GoalFinalResponse~>PlanLeaveNow is applicable
03745|01:02:25|ArchetypeAgent|0|thinks GoalFinalResponse~>PlanStayAndDefend is not applicable
03745|01:02:25|ArchetypeAgent|0|thinks GoalFinalResponse~>PlanDoNothing is applicable
03745|01:02:25|ArchetypeAgent|0|will go to evac location (FarFarAway, coords=5000.0,0.0) #GoalFinalResponse~>PlanLeaveNow
03745|01:02:25|ArchetypeAgent|0|thinks GoalGoto~>PlanGoto is applicable
03745|01:02:25|ArchetypeAgent|0|thinks GoalGoto~>PlanDoNothing is applicable
03745|01:02:25|ArchetypeAgent|0|will start driving to (FarFarAway, coords=5000.0,0.0) 7000m away #GoalGoto~>PlanGoto
03745|01:02:25|ArchetypeAgent|0|believes status=to:EvacPlace @@
03745|01:02:25|ArchetypeAgent|0|believes isDriving=true @@
03780|01:03:00|ArchetypeAgent|0|stopped driving @@
03780|01:03:00|ArchetypeAgent|0|started activity Replan @@
03780|01:03:00|ArchetypeAgent|0|believes status=at:Replan @@
03961|01:06:01|ArchetypeAgent|0|saw fire @@
03961|01:06:01|ArchetypeAgent|0|believes anxietyFromSituation=0.6 @@
03961|01:06:01|ArchetypeAgent|0|believes futureValueOfVisibleFire=0.0 @@
03986|01:06:26|ArchetypeAgent|0|started driving to EvacPlace @@
03986|01:06:26|ArchetypeAgent|0|believes status=to:EvacPlace @@
03986|01:06:26|ArchetypeAgent|0|finished activity Replan @@
04348|01:12:28|ArchetypeAgent|0|stopped driving @@
04348|01:12:28|ArchetypeAgent|0|started activity EvacPlace @@
04348|01:12:28|ArchetypeAgent|0|believes status=at:EvacPlace @@
04348|01:12:28|ArchetypeAgent|0|finished driving to (FarFarAway, coords=5000.0,0.0) 0m away after 1 tries #GoalGoto~>PlanGoto
04348|01:12:28|ArchetypeAgent|0|believes status=at:EvacPlace @@
04348|01:12:28|ArchetypeAgent|0|believes isDriving=false @@
04348|01:12:28|ArchetypeAgent|0|reached evac location (FarFarAway, coords=5000.0,0.0) #GoalFinalResponse~>PlanLeaveNow
