Resident 0 received fire alert at time 286.0
Resident 0: is about to start evacuating to shelter in (Castlemaine, coords=252145.230968,5894310.30443)
Resident 0: is driving to shelter in (Castlemaine, coords=252145.230968,5894310.30443)
Resident 0: has reached shelter in (Castlemaine, coords=252145.230968,5894310.30443)
